storage: PostgreSQL (postgres://postgres:forge@localhost:15432/forge)
[2m2026-09-09T04:37:35.745796Z[0m [32m INFO[0m [2msqlx::postgres::notice[0m[2m:[0m relation "sessions" already exists, skipping
[2m2026-09-09T04:37:35.769850Z[0m [32m INFO[0m [2msqlx::postgres::notice[0m[2m:[0m relation "session_events" already exists, skipping
[2m2026-09-09T04:37:35.792489Z[0m [32m INFO[0m [2msqlx::postgres::notice[0m[2m:[0m relation "artifacts" already exists, skipping
[2m2026-09-09T04:37:35.825463Z[0m [32m INFO[0m [2msqlx::postgres::notice[0m[2m:[0m relation "tasks" already exists, skipping
[2m2026-09-09T04:37:35.847771Z[0m [32m INFO[0m [2msqlx::postgres::notice[0m[2m:[0m relation "evidence" already exists, skipping
[2m2026-09-09T04:37:35.848578Z[0m [32m INFO[0m [2msqlx::postgres::notice[0m[2m:[0m relation "idx_evidence_criterion" already exists, skipping
[2m2026-09-09T04:37:35.848837Z[0m [32m INFO[0m [2msqlx::postgres::notice[0m[2m:[0m relation "tenants" already exists, skipping
[2m2026-09-09T04:37:35.849093Z[0m [32m INFO[0m [2msqlx::postgres::notice[0m[2m:[0m column "tenant_id" of relation "tasks" already exists, skipping
[2m2026-09-09T04:37:35.849351Z[0m [32m INFO[0m [2msqlx::postgres::notice[0m[2m:[0m column "tenant_id" of relation "sessions" already exists, skipping
[2m2026-09-09T04:37:35.849603Z[0m [32m INFO[0m [2msqlx::postgres::notice[0m[2m:[0m relation "idx_tasks_tenant_id" already exists, skipping
[2m2026-09-09T04:37:35.849853Z[0m [32m INFO[0m [2msqlx::postgres::notice[0m[2m:[0m relation "idx_sessions_tenant_id" already exists, skipping
[2m2026-09-09T04:37:35.850106Z[0m [32m INFO[0m [2msqlx::postgres::notice[0m[2m:[0m relation "tenant_keys" already exists, skipping
[2m2026-09-09T04:37:35.850405Z[0m [32m INFO[0m [2msqlx::postgres::notice[0m[2m:[0m relation "quotas" already exists, skipping
[2m2026-09-09T04:37:35.850854Z[0m [32m INFO[0m [2msqlx::postgres::notice[0m[2m:[0m relation "task_queue" already exists, skipping
[2m2026-09-09T04:37:35.851114Z[0m [32m INFO[0m [2msqlx::postgres::notice[0m[2m:[0m relation "idx_task_queue_claim" already exists, skipping
[2m2026-09-09T04:37:35.851364Z[0m [32m INFO[0m [2msqlx::postgres::notice[0m[2m:[0m relation "publisher_keys" already exists, skipping
[2m2026-09-09T04:37:35.851641Z[0m [32m INFO[0m [2msqlx::postgres::notice[0m[2m:[0m relation "releases" already exists, skipping
[2m2026-09-09T04:37:35.851965Z[0m [32m INFO[0m [2msqlx::postgres::notice[0m[2m:[0m column "deprecated" of relation "releases" already exists, skipping
[2m2026-09-09T04:37:35.852221Z[0m [32m INFO[0m [2msqlx::postgres::notice[0m[2m:[0m column "yanked" of relation "releases" already exists, skipping
[2m2026-09-09T04:37:35.852466Z[0m [32m INFO[0m [2msqlx::postgres::notice[0m[2m:[0m relation "usage_events" already exists, skipping
[2m2026-09-09T04:37:35.852719Z[0m [32m INFO[0m [2msqlx::postgres::notice[0m[2m:[0m relation "idx_usage_tenant_at" already exists, skipping
[2m2026-09-09T04:37:35.852978Z[0m [32m INFO[0m [2msqlx::postgres::notice[0m[2m:[0m relation "rates" already exists, skipping
[2m2026-09-09T04:37:35.853225Z[0m [32m INFO[0m [2msqlx::postgres::notice[0m[2m:[0m relation "bills" already exists, skipping
forge-server listening on http://127.0.0.1:8787
