storage: PostgreSQL (postgres://postgres:forge@localhost:15432/forge)
[2m2026-09-07T17:15:27.706868Z[0m [32m INFO[0m [2msqlx::postgres::notice[0m[2m:[0m relation "sessions" already exists, skipping
[2m2026-09-07T17:15:27.724256Z[0m [32m INFO[0m [2msqlx::postgres::notice[0m[2m:[0m relation "session_events" already exists, skipping
[2m2026-09-07T17:15:27.746991Z[0m [32m INFO[0m [2msqlx::postgres::notice[0m[2m:[0m relation "artifacts" already exists, skipping
[2m2026-09-07T17:15:27.779097Z[0m [32m INFO[0m [2msqlx::postgres::notice[0m[2m:[0m relation "tasks" already exists, skipping
[2m2026-09-07T17:15:27.803416Z[0m [32m INFO[0m [2msqlx::postgres::notice[0m[2m:[0m relation "evidence" already exists, skipping
[2m2026-09-07T17:15:27.807339Z[0m [32m INFO[0m [2msqlx::postgres::notice[0m[2m:[0m relation "idx_evidence_criterion" already exists, skipping
[2m2026-09-07T17:15:27.808979Z[0m [32m INFO[0m [2msqlx::postgres::notice[0m[2m:[0m relation "tenants" already exists, skipping
[2m2026-09-07T17:15:27.810587Z[0m [32m INFO[0m [2msqlx::postgres::notice[0m[2m:[0m column "tenant_id" of relation "tasks" already exists, skipping
[2m2026-09-07T17:15:27.811249Z[0m [32m INFO[0m [2msqlx::postgres::notice[0m[2m:[0m column "tenant_id" of relation "sessions" already exists, skipping
[2m2026-09-07T17:15:27.811860Z[0m [32m INFO[0m [2msqlx::postgres::notice[0m[2m:[0m relation "idx_tasks_tenant_id" already exists, skipping
[2m2026-09-07T17:15:27.812459Z[0m [32m INFO[0m [2msqlx::postgres::notice[0m[2m:[0m relation "idx_sessions_tenant_id" already exists, skipping
[2m2026-09-07T17:15:27.813112Z[0m [32m INFO[0m [2msqlx::postgres::notice[0m[2m:[0m relation "tenant_keys" already exists, skipping
[2m2026-09-07T17:15:27.813661Z[0m [32m INFO[0m [2msqlx::postgres::notice[0m[2m:[0m relation "quotas" already exists, skipping
[2m2026-09-07T17:15:27.814060Z[0m [32m INFO[0m [2msqlx::postgres::notice[0m[2m:[0m relation "task_queue" already exists, skipping
[2m2026-09-07T17:15:27.814635Z[0m [32m INFO[0m [2msqlx::postgres::notice[0m[2m:[0m relation "idx_task_queue_claim" already exists, skipping
[2m2026-09-07T17:15:27.815227Z[0m [32m INFO[0m [2msqlx::postgres::notice[0m[2m:[0m relation "publisher_keys" already exists, skipping
[2m2026-09-07T17:15:27.815794Z[0m [32m INFO[0m [2msqlx::postgres::notice[0m[2m:[0m relation "releases" already exists, skipping
[2m2026-09-07T17:15:27.816371Z[0m [32m INFO[0m [2msqlx::postgres::notice[0m[2m:[0m column "deprecated" of relation "releases" already exists, skipping
[2m2026-09-07T17:15:27.816947Z[0m [32m INFO[0m [2msqlx::postgres::notice[0m[2m:[0m column "yanked" of relation "releases" already exists, skipping
[2m2026-09-07T17:15:27.817974Z[0m [32m INFO[0m [2msqlx::postgres::notice[0m[2m:[0m relation "usage_events" already exists, skipping
[2m2026-09-07T17:15:27.819115Z[0m [32m INFO[0m [2msqlx::postgres::notice[0m[2m:[0m relation "idx_usage_tenant_at" already exists, skipping
[2m2026-09-07T17:15:27.819645Z[0m [32m INFO[0m [2msqlx::postgres::notice[0m[2m:[0m relation "rates" already exists, skipping
[2m2026-09-07T17:15:27.820230Z[0m [32m INFO[0m [2msqlx::postgres::notice[0m[2m:[0m relation "bills" already exists, skipping
forge-server listening on http://127.0.0.1:8787
[2m2026-09-07T17:32:55.484590Z[0m [32m INFO[0m [2mforge_exec::engine[0m[2m:[0m execution started [3mexecution_id[0m[2m=[0mexecution_e62ea416-ec71-47ea-8866-c3df8c28bfd8 [3mtool[0m[2m=[0mwrite_file [3mstep_id[0m[2m=[0mcodegen#0 [3msession_id[0m[2m=[0msession_7234abea-e5ab-4120-aa91-0a10b82c5aba
[2m2026-09-07T17:32:55.489942Z[0m [32m INFO[0m [2mforge_exec::engine[0m[2m:[0m execution finished [3mexecution_id[0m[2m=[0mexecution_e62ea416-ec71-47ea-8866-c3df8c28bfd8 [3mtool[0m[2m=[0mwrite_file [3mstatus[0m[2m=[0mSuccess [3mduration_ms[0m[2m=[0m21
[2m2026-09-07T17:40:26.140965Z[0m [32m INFO[0m [2mforge_exec::engine[0m[2m:[0m execution started [3mexecution_id[0m[2m=[0mexecution_61622299-43f5-42b1-b09c-f3aa9a14f2e6 [3mtool[0m[2m=[0mwrite_file [3mstep_id[0m[2m=[0mcodegen#0 [3msession_id[0m[2m=[0msession_10e6a130-ba4a-472e-be36-6bb9bf840ddf
[2m2026-09-07T17:40:26.143063Z[0m [32m INFO[0m [2mforge_exec::engine[0m[2m:[0m execution finished [3mexecution_id[0m[2m=[0mexecution_61622299-43f5-42b1-b09c-f3aa9a14f2e6 [3mtool[0m[2m=[0mwrite_file [3mstatus[0m[2m=[0mSuccess [3mduration_ms[0m[2m=[0m14
