llm_planner[1] raw_len=4015 head="{\"steps\":[{\"id\":\"s1\",\"title\":\"输出项目未完成项检查清单\",\"depends_on\":[],\"action\":{\"type\":\"call\",\"capability\":\"echo\",\"input\":{\"text\":"
llm_planner[1] FAILED: invalid state: plan: missing required field 'steps' (must be array) | parsed_keys=Some(["_parse_error"]) | tail="}]}}\"n\\```n\\ytpme- f epyt- . dnifn\\件文空找查 #n\\n\\\"\\giro.*\"\\ eman- o- \"\\pmt.*\"\\ eman- o- \"\\kab.*\"\\ eman- . dnifn\\件文时临找查 #n\\n\\02- enileno-- gol tign\\交提近最看查"
llm_planner[2] raw_len=3265 head="{\"steps\":[{\"id\":\"s1\",\"title\":\"输出项目未完成项检查清单\",\"depends_on\":[],\"action\":{\"type\":\"call\",\"capability\":\"echo\",\"input\":{\"text\":"
llm_planner[2] FAILED: invalid state: plan: missing required field 'steps' (must be array) | parsed_keys=Some(["_parse_error"]) | tail="}]}}\"n\\```n\\ytpme- f epyt- . dnifn\\\"\\giro.*\"\\ eman- o- \"\\pmt.*\"\\ eman- o- \"\\kab.*\"\\ eman- . dnifn\\02- enileno-- gol tign\\sutats tign\\. \"\\XXX|\\\\KCAH|\\\\"
llm_planner[3] raw_len=3247 head="{\"steps\":[{\"id\":\"s1\",\"title\":\"输出项目未完成项检查清单\",\"depends_on\":[],\"action\":{\"type\":\"call\",\"capability\":\"echo\",\"input\":{\"text\":"
llm_planner[3] FAILED: invalid state: plan: missing required field 'steps' (must be array) | parsed_keys=Some(["_parse_error"]) | tail="}]}}\"n\\```n\\ytpme- f epyt- . dnifn\\\"\\giro.*\"\\ eman- o- \"\\pmt.*\"\\ eman- o- \"\\kab.*\"\\ eman- . dnifn\\02- enileno-- gol tign\\sutats tign\\. \"\\XXX|\\\\KCAH|\\\\"
llm_planner[1] raw_len=2113 head="{\"steps\":[{\"id\":\"s1\",\"title\":\"说明当前能力限制\",\"depends_on\":[],\"action\":{\"type\":\"call\",\"capability\":\"echo\",\"input\":{\"message\":\""
llm_planner[1] FAILED: invalid state: plan: missing required field 'steps' (must be array) | parsed_keys=Some(["_parse_error"]) | tail="}]}}\"*。态状成完记标并，项各上以查检动手请*n\\---n\\n\\理处已否是况情界边 ] [ -n\\善完否是理处误错 ] [ -n\\整完否是面界户用 ] [ -n\\现实已否是能功划计有所 ] [ -n\\性整完能功 .7 ##n\\n\\guB / eussI 的闭关未有否是 ] [ -n\\突冲并合的理"
llm_planner[2] raw_len=2113 head="{\"steps\":[{\"id\":\"s1\",\"title\":\"说明当前能力限制\",\"depends_on\":[],\"action\":{\"type\":\"call\",\"capability\":\"echo\",\"input\":{\"message\":\""
llm_planner[2] FAILED: invalid state: plan: missing required field 'steps' (must be array) | parsed_keys=Some(["_parse_error"]) | tail="}]}}\"*。态状成完记标并，项各上以查检动手请*n\\---n\\n\\理处已否是况情界边 ] [ -n\\善完否是理处误错 ] [ -n\\整完否是面界户用 ] [ -n\\现实已否是能功划计有所 ] [ -n\\性整完能功 .7 ##n\\n\\guB / eussI 的闭关未有否是 ] [ -n\\突冲并合的理"
llm_planner[3] raw_len=1750 head="{\"steps\":[{\"id\":\"s1\",\"title\":\"说明能力限制\",\"depends_on\":[],\"action\":{\"type\":\"call\",\"capability\":\"echo\",\"input\":{\"message\":\"当前"
llm_planner[3] FAILED: invalid state: plan: missing required field 'steps' (must be array) | parsed_keys=Some(["_parse_error"]) | tail="}]}}\"。态状成完记标并项各上以查检动手请n\\---n\\n\\理处已况情界边 ] [ -n\\善完理处误错 ] [ -n\\整完面界户用 ] [ -n\\现实已能功划计有所 ] [ -n\\性整完能功 .7 ##n\\n\\guB / eussI 的闭关未无 ] [ -n\\突冲并合的理处未无 ] [ -n\\误错"
llm_planner[1] raw_len=6365 head="{\"steps\":[{\"id\":\"s1\",\"title\":\"说明能力限制\",\"depends_on\":[],\"action\":{\"type\":\"call\",\"capability\":\"echo\",\"input\":{\"text\":\"我无法直接"
llm_planner[1] FAILED: invalid state: plan: missing required field 'steps' (must be array) | parsed_keys=Some(["_parse_error"]) | tail="}]}}\"。作工成完未描扫速快可即 `hs.kcehc hsab` 行运录目根目项在，hs.kcehc 为存保本脚述上将：法方用使 >n\\n\\---n\\n\\```n\\\"\\=== 成完查检 ===\"\\ ohcen\\\"\\\"\\ ohcen\\n\\llun/ved/>2 a- hcnarb tign\\\"\\=="
llm_planner[2] raw_len=4147 head="{\"steps\":[{\"id\":\"s1\",\"title\":\"说明能力限制并提供检查思路\",\"depends_on\":[],\"action\":{\"type\":\"call\",\"capability\":\"echo\",\"input\":{\"text\""
llm_planner[2] FAILED: invalid state: plan: missing required field 'steps' (must be array) | parsed_keys=Some(["_parse_error"]) | tail="}]}}\"。作工成完未描扫速快可即 `hs.kcehc hsab` 行运录目根目项在，hs.kcehc 为存保本脚述上将：法方用使 >n\\n\\---n\\n\\```n\\\"\\=== 成完查检 ===\"\\ ohcen\\\"\\\"\\ ohcen\\n\\llun/ved/>2 a- hcnarb tign\\\"\\=="
llm_planner[3] raw_len=2492 head="{\"steps\":[{\"id\":\"s1\",\"title\":\"说明能力限制\",\"depends_on\":[],\"action\":{\"type\":\"call\",\"capability\":\"echo\",\"input\":{\"text\":\"我无法直接"
llm_planner[3] FAILED: invalid state: plan: missing required field 'steps' (must be array) | parsed_keys=Some(["_parse_error"]) | tail="}]}}\"hs.kcehc hsab 行运录目根目项在，hs.kcehc 为存保：法方用使n\\n\\```n\\\"\\=== 成完查检 ===\"\\ ohcen\\\"\\\"\\ ohcen\\llun/ved/>2 a- hcnarb tign\\\"\\=== 支分有所 .8 ===\"\\ ohcen\\\"\\\"\\ ohce"
llm_planner[1] raw_len=3529 head="{\"steps\":[{\"id\":\"s1\",\"title\":\"输出项目检查清单与指引\",\"depends_on\":[],\"action\":{\"type\":\"call\",\"capability\":\"echo\",\"input\":{\"message"
llm_planner[1] FAILED: invalid state: plan: missing required field 'steps' (must be array) | parsed_keys=Some(["_parse_error"]) | tail="}]}}\"n\\）写填请（n\\间时成完计预 ###n\\n\\**：级先优低** -n\\**：级先优中** -n\\**：级先优高** -n\\级先优议建 ###n\\n\\ .3n\\ .2n\\ .1n\\总汇项成完未 ###n\\n\\结总 .8 ##n\\n\\：率盖覆试测 -n\\：试测的成完未/过跳 -n\\n\\查检试"
llm_planner[2] raw_len=3559 head="{\"steps\":[{\"id\":\"s1\",\"title\":\"说明无法直接访问本地文件系统并提供检查指引\",\"depends_on\":[],\"action\":{\"type\":\"call\",\"capability\":\"echo\",\"input\""
llm_planner[2] FAILED: invalid state: plan: missing required field 'steps' (must be array) | parsed_keys=Some(["_parse_error"]) | tail="}]}}\"n\\）写填请（n\\间时成完计预 ###n\\n\\**：级先优低** -n\\**：级先优中** -n\\**：级先优高** -n\\级先优议建 ###n\\n\\ .3n\\ .2n\\ .1n\\总汇项成完未 ###n\\n\\结总 .8 ##n\\n\\：率盖覆试测 -n\\：试测的成完未/过跳 -n\\n\\查检试"
llm_planner[3] raw_len=3559 head="{\"steps\":[{\"id\":\"s1\",\"title\":\"说明无法直接访问本地文件系统并提供检查指引\",\"depends_on\":[],\"action\":{\"type\":\"call\",\"capability\":\"echo\",\"input\""
llm_planner[3] FAILED: invalid state: plan: missing required field 'steps' (must be array) | parsed_keys=Some(["_parse_error"]) | tail="}]}}\"n\\）写填请（n\\间时成完计预 ###n\\n\\**：级先优低** -n\\**：级先优中** -n\\**：级先优高** -n\\级先优议建 ###n\\n\\ .3n\\ .2n\\ .1n\\总汇项成完未 ###n\\n\\结总 .8 ##n\\n\\：率盖覆试测 -n\\：试测的成完未/过跳 -n\\n\\查检试"
