storage: PostgreSQL (postgres://postgres:forge@localhost:15432/forge)
[2m2026-09-07T18:08:53.430984Z[0m [32m INFO[0m [2msqlx::postgres::notice[0m[2m:[0m relation "sessions" already exists, skipping
[2m2026-09-07T18:08:53.451114Z[0m [32m INFO[0m [2msqlx::postgres::notice[0m[2m:[0m relation "session_events" already exists, skipping
[2m2026-09-07T18:08:53.480623Z[0m [32m INFO[0m [2msqlx::postgres::notice[0m[2m:[0m relation "artifacts" already exists, skipping
[2m2026-09-07T18:08:53.507323Z[0m [32m INFO[0m [2msqlx::postgres::notice[0m[2m:[0m relation "tasks" already exists, skipping
[2m2026-09-07T18:08:53.536749Z[0m [32m INFO[0m [2msqlx::postgres::notice[0m[2m:[0m relation "evidence" already exists, skipping
[2m2026-09-07T18:08:53.539569Z[0m [32m INFO[0m [2msqlx::postgres::notice[0m[2m:[0m relation "idx_evidence_criterion" already exists, skipping
[2m2026-09-07T18:08:53.541442Z[0m [32m INFO[0m [2msqlx::postgres::notice[0m[2m:[0m relation "tenants" already exists, skipping
[2m2026-09-07T18:08:53.543045Z[0m [32m INFO[0m [2msqlx::postgres::notice[0m[2m:[0m column "tenant_id" of relation "tasks" already exists, skipping
[2m2026-09-07T18:08:53.544537Z[0m [32m INFO[0m [2msqlx::postgres::notice[0m[2m:[0m column "tenant_id" of relation "sessions" already exists, skipping
[2m2026-09-07T18:08:53.546789Z[0m [32m INFO[0m [2msqlx::postgres::notice[0m[2m:[0m relation "idx_tasks_tenant_id" already exists, skipping
[2m2026-09-07T18:08:53.548807Z[0m [32m INFO[0m [2msqlx::postgres::notice[0m[2m:[0m relation "idx_sessions_tenant_id" already exists, skipping
[2m2026-09-07T18:08:53.550463Z[0m [32m INFO[0m [2msqlx::postgres::notice[0m[2m:[0m relation "tenant_keys" already exists, skipping
[2m2026-09-07T18:08:53.551866Z[0m [32m INFO[0m [2msqlx::postgres::notice[0m[2m:[0m relation "quotas" already exists, skipping
[2m2026-09-07T18:08:53.553230Z[0m [32m INFO[0m [2msqlx::postgres::notice[0m[2m:[0m relation "task_queue" already exists, skipping
[2m2026-09-07T18:08:53.554510Z[0m [32m INFO[0m [2msqlx::postgres::notice[0m[2m:[0m relation "idx_task_queue_claim" already exists, skipping
[2m2026-09-07T18:08:53.555878Z[0m [32m INFO[0m [2msqlx::postgres::notice[0m[2m:[0m relation "publisher_keys" already exists, skipping
[2m2026-09-07T18:08:53.557267Z[0m [32m INFO[0m [2msqlx::postgres::notice[0m[2m:[0m relation "releases" already exists, skipping
[2m2026-09-07T18:08:53.558558Z[0m [32m INFO[0m [2msqlx::postgres::notice[0m[2m:[0m column "deprecated" of relation "releases" already exists, skipping
[2m2026-09-07T18:08:53.559677Z[0m [32m INFO[0m [2msqlx::postgres::notice[0m[2m:[0m column "yanked" of relation "releases" already exists, skipping
[2m2026-09-07T18:08:53.560826Z[0m [32m INFO[0m [2msqlx::postgres::notice[0m[2m:[0m relation "usage_events" already exists, skipping
[2m2026-09-07T18:08:53.562421Z[0m [32m INFO[0m [2msqlx::postgres::notice[0m[2m:[0m relation "idx_usage_tenant_at" already exists, skipping
[2m2026-09-07T18:08:53.564023Z[0m [32m INFO[0m [2msqlx::postgres::notice[0m[2m:[0m relation "rates" already exists, skipping
[2m2026-09-07T18:08:53.565478Z[0m [32m INFO[0m [2msqlx::postgres::notice[0m[2m:[0m relation "bills" already exists, skipping
forge-server listening on http://127.0.0.1:8787
[2m2026-09-07T18:18:16.180020Z[0m [32m INFO[0m [2mforge_exec::engine[0m[2m:[0m execution started [3mexecution_id[0m[2m=[0mexecution_60dda2d8-ba57-4a38-8d42-4dac2e4a5f01 [3mtool[0m[2m=[0mwrite_file [3mstep_id[0m[2m=[0ms1#0 [3msession_id[0m[2m=[0msession_cdc51f08-653f-4651-885a-de59c22a89d5
[2m2026-09-07T18:18:16.180640Z[0m [32m INFO[0m [2mforge_exec::engine[0m[2m:[0m execution finished [3mexecution_id[0m[2m=[0mexecution_60dda2d8-ba57-4a38-8d42-4dac2e4a5f01 [3mtool[0m[2m=[0mwrite_file [3mstatus[0m[2m=[0mFailed [3mduration_ms[0m[2m=[0m9
[2m2026-09-07T18:18:16.411493Z[0m [32m INFO[0m [2mforge_exec::engine[0m[2m:[0m execution started [3mexecution_id[0m[2m=[0mexecution_98054416-b0e8-4dd2-b618-bbf28b83975f [3mtool[0m[2m=[0mwrite_file [3mstep_id[0m[2m=[0ms1#1 [3msession_id[0m[2m=[0msession_cdc51f08-653f-4651-885a-de59c22a89d5
[2m2026-09-07T18:18:16.413104Z[0m [32m INFO[0m [2mforge_exec::engine[0m[2m:[0m execution finished [3mexecution_id[0m[2m=[0mexecution_98054416-b0e8-4dd2-b618-bbf28b83975f [3mtool[0m[2m=[0mwrite_file [3mstatus[0m[2m=[0mFailed [3mduration_ms[0m[2m=[0m17
[2m2026-09-07T18:18:18.170205Z[0m [32m INFO[0m [2mforge_exec::engine[0m[2m:[0m execution started [3mexecution_id[0m[2m=[0mexecution_6eb1161f-d2d8-4a2d-b53d-27f67e0cb344 [3mtool[0m[2m=[0mwrite_file [3mstep_id[0m[2m=[0ms1#2 [3msession_id[0m[2m=[0msession_cdc51f08-653f-4651-885a-de59c22a89d5
[2m2026-09-07T18:18:18.171231Z[0m [32m INFO[0m [2mforge_exec::engine[0m[2m:[0m execution finished [3mexecution_id[0m[2m=[0mexecution_6eb1161f-d2d8-4a2d-b53d-27f67e0cb344 [3mtool[0m[2m=[0mwrite_file [3mstatus[0m[2m=[0mFailed [3mduration_ms[0m[2m=[0m21
[2m2026-09-07T18:18:18.410295Z[0m [32m INFO[0m [2mforge_exec::engine[0m[2m:[0m execution started [3mexecution_id[0m[2m=[0mexecution_89020786-b77a-4c7f-a451-678941c5c0dd [3mtool[0m[2m=[0mwrite_file [3mstep_id[0m[2m=[0ms1#3 [3msession_id[0m[2m=[0msession_cdc51f08-653f-4651-885a-de59c22a89d5
[2m2026-09-07T18:18:18.411132Z[0m [32m INFO[0m [2mforge_exec::engine[0m[2m:[0m execution finished [3mexecution_id[0m[2m=[0mexecution_89020786-b77a-4c7f-a451-678941c5c0dd [3mtool[0m[2m=[0mwrite_file [3mstatus[0m[2m=[0mFailed [3mduration_ms[0m[2m=[0m17
