storage: PostgreSQL (postgres://postgres:forge@localhost:15432/forge)
[2m2026-09-08T22:44:25.290747Z[0m [32m INFO[0m [2msqlx::postgres::notice[0m[2m:[0m relation "sessions" already exists, skipping
[2m2026-09-08T22:44:25.301319Z[0m [32m INFO[0m [2msqlx::postgres::notice[0m[2m:[0m relation "session_events" already exists, skipping
[2m2026-09-08T22:44:25.327597Z[0m [32m INFO[0m [2msqlx::postgres::notice[0m[2m:[0m relation "artifacts" already exists, skipping
[2m2026-09-08T22:44:25.356050Z[0m [32m INFO[0m [2msqlx::postgres::notice[0m[2m:[0m relation "tasks" already exists, skipping
[2m2026-09-08T22:44:25.383717Z[0m [32m INFO[0m [2msqlx::postgres::notice[0m[2m:[0m relation "evidence" already exists, skipping
[2m2026-09-08T22:44:25.384734Z[0m [32m INFO[0m [2msqlx::postgres::notice[0m[2m:[0m relation "idx_evidence_criterion" already exists, skipping
[2m2026-09-08T22:44:25.385221Z[0m [32m INFO[0m [2msqlx::postgres::notice[0m[2m:[0m relation "tenants" already exists, skipping
[2m2026-09-08T22:44:25.385512Z[0m [32m INFO[0m [2msqlx::postgres::notice[0m[2m:[0m column "tenant_id" of relation "tasks" already exists, skipping
[2m2026-09-08T22:44:25.385762Z[0m [32m INFO[0m [2msqlx::postgres::notice[0m[2m:[0m column "tenant_id" of relation "sessions" already exists, skipping
[2m2026-09-08T22:44:25.386007Z[0m [32m INFO[0m [2msqlx::postgres::notice[0m[2m:[0m relation "idx_tasks_tenant_id" already exists, skipping
[2m2026-09-08T22:44:25.386271Z[0m [32m INFO[0m [2msqlx::postgres::notice[0m[2m:[0m relation "idx_sessions_tenant_id" already exists, skipping
[2m2026-09-08T22:44:25.386584Z[0m [32m INFO[0m [2msqlx::postgres::notice[0m[2m:[0m relation "tenant_keys" already exists, skipping
[2m2026-09-08T22:44:25.386934Z[0m [32m INFO[0m [2msqlx::postgres::notice[0m[2m:[0m relation "quotas" already exists, skipping
[2m2026-09-08T22:44:25.387305Z[0m [32m INFO[0m [2msqlx::postgres::notice[0m[2m:[0m relation "task_queue" already exists, skipping
[2m2026-09-08T22:44:25.387671Z[0m [32m INFO[0m [2msqlx::postgres::notice[0m[2m:[0m relation "idx_task_queue_claim" already exists, skipping
[2m2026-09-08T22:44:25.388196Z[0m [32m INFO[0m [2msqlx::postgres::notice[0m[2m:[0m relation "publisher_keys" already exists, skipping
[2m2026-09-08T22:44:25.388721Z[0m [32m INFO[0m [2msqlx::postgres::notice[0m[2m:[0m relation "releases" already exists, skipping
[2m2026-09-08T22:44:25.389243Z[0m [32m INFO[0m [2msqlx::postgres::notice[0m[2m:[0m column "deprecated" of relation "releases" already exists, skipping
[2m2026-09-08T22:44:25.389764Z[0m [32m INFO[0m [2msqlx::postgres::notice[0m[2m:[0m column "yanked" of relation "releases" already exists, skipping
[2m2026-09-08T22:44:25.390292Z[0m [32m INFO[0m [2msqlx::postgres::notice[0m[2m:[0m relation "usage_events" already exists, skipping
[2m2026-09-08T22:44:25.390778Z[0m [32m INFO[0m [2msqlx::postgres::notice[0m[2m:[0m relation "idx_usage_tenant_at" already exists, skipping
[2m2026-09-08T22:44:25.391162Z[0m [32m INFO[0m [2msqlx::postgres::notice[0m[2m:[0m relation "rates" already exists, skipping
[2m2026-09-08T22:44:25.391761Z[0m [32m INFO[0m [2msqlx::postgres::notice[0m[2m:[0m relation "bills" already exists, skipping
forge-server listening on http://127.0.0.1:8787
